[accounts.google.com/restart.1b646.delayed]
[accounts.google.com/AddSession.2673b.delayed]
[accounts.google.com/InteractiveLogin.4901d.delayed]
[accounts.google.com/v3/signin/identifier703e.html]
[backblue.gif]
[fade.gif]
[index.html]
[ssl.gstatic.com/images/branding/googlelogo/2x/googlelogo_color_74x24dp.png]
[accounts.google.com/v3/signin/rejected5da2.html]
[accounts.google.com/signin/usernamerecovery6d0c.html]
[accounts.google.com/v3/signin/Edg/index.html]
[accounts.google.com/v3/signin/index.html]
[accounts.google.com/index.html]
[accounts.google.com/lifecycle/steps/signup/name6e41.html]
[accounts.google.com/TOS.bffa0.delayed]
[accounts.google.com/TOS.c8cb2.delayed]
[accounts.google.com/v3/signin/document.location.d.delayed]
[accounts.google.com/v3/signin/identifier703e.html]
[accounts.google.com/v3/signin/rejected.e.delayed]
[accounts.google.com/v3/signin/rejected5da2.html]
[ssl.gstatic.com/accounts/ui/avatar_2x.png]
[ssl.gstatic.com/images/icons/ui/common/universal_language_settings-21.png]
[accounts.google.com/signin/usernamerecovery6d0c.html]
[accounts.google.com/v3/signin/Edg/index.html]
[accounts.google.com/InteractiveLogin.16c72c.delayed]
[accounts.google.com/index.html]
[accounts.google.com/v3/signin/index.html]
[accounts.google.com/v3/signin/identifier9508.html]
[accounts.google.com/lifecycle/steps/signup/unknownerror.19.delayed]
[accounts.google.com/lifecycle/steps/signup/name6e41.html]
[accounts.google.com/v3/signin/document.location.html]
[accounts.google.com/v3/signin/rejected.html]
[accounts.google.com/v3/signin/rejected87ec.html]
[accounts.google.com/signin/usernamerecovery5abb.html]
[accounts.google.com/lifecycle/steps/signup/name0ff8.html]
[accounts.google.com/TOS.1e408c.delayed]
[accounts.google.com/TOS.1f5992.delayed]
[accounts.google.com/v3/signin/identifier9508.html]
[accounts.google.com/lifecycle/steps/signup/unknownerror.html]
[accounts.google.com/v3/signin/rejected87ec.html]
[accounts.google.com/TOS.229ebe.delayed]
[accounts.google.com/TOS.23e540.delayed]
[accounts.google.com/signin/usernamerecovery5abb.html]
[accounts.google.com/lifecycle/steps/signup/name0ff8.html]
